---
source: tests/decode.rs
description: many_register_mov
expression: app_output
---
bits 16

mov cx, bx
mov ch, ah
mov dx, bx
mov si, bx
mov bx, di
mov al, cl
mov ch, ch
mov bx, ax
mov bx, si
mov sp, di
mov bp, ax

